// Jest Snapshot v1, https://goo.gl/fbAQLP

exports[`testing to ErrorView should return ErrorView Component 1`] = `
<div
  className="error404"
>
  <h1
    className="font"
  >
    404 NOT FOUND
  </h1>
  <img
    alt=""
    src="../../../assets/images/error404.png"
  />
  <h2>
    No hemos podido encontrar la p√°gina que buscas.
  </h2>
  <h4>
    Atentamente, 
  </h4>
  <h5>
    Engineers
  </h5>
</div>
`
